// Jest Snapshot v1, https://goo.gl/fbAQLP

exports[`matches snapshot 1`] = `
<DocumentFragment>
  <form
    class="Todo-form"
  >
    <label
      class="Todo-form-label"
      for="todo"
    >
      Todo:
    </label>
    <input
      class="Todo-form-input"
      id="todo"
      name="todo"
      placeholder="Cut the grass"
      type="text"
      value=""
    />
    <button
      class="Todo-form-button"
    >
      Add Todo
    </button>
  </form>
  <ul
    class="TodoList"
  />
</DocumentFragment>
`;
